slurm submission log: 2025-04-26 19:26:39.911208
created following sbatch script: 

###############################

#!/bin/bash

#SBATCH --account=nlp
#SBATCH --cpus-per-task=2
#SBATCH --gres=gpu:1
#SBATCH --job-name=ksinha2-job-3531715
#SBATCH --mem=16G
#SBATCH --nodelist=jagupard34
#SBATCH --open-mode=append
#SBATCH --output=ksinha2-job-3531715.out
#SBATCH --partition=jag-standard
#SBATCH --time=14-0

# activate your desired anaconda environment


# cd to working directory
cd .

# launch commands
srun --unbuffered run_as_child_processes '-5' '75G'

###############################

submission to slurm complete!


###############################
slurm submission output

Submitted batch job 10264543



###############################

###############################
start time: 2025-04-26 19:27:17.019157
machine: jagupard34.stanford.edu
conda env: base
###############################
running following processes

	-5
	75G


###############################
command outputs: 


/bin/sh: 0: Illegal option -5
/bin/sh: 1: 75G: not found
###############################
end time: 2025-04-26 19:27:27.035496
elapsed time: 0:00:10.016339
